[ifrfund.com/index42af.html]
[backblue.gif]
[fade.gif]
[index.html]
[ifrfund.com/maxcdn.bootstrapcdn.com/bootstrap/3.3.6/css/bootstrap.min.css]
[ifrfund.com/cdnjs.cloudflare.com/ajax/libs/font-awesome/4.6.3/css/font-awesome.min.css]
[ifrfund.com/style.css]
[ifrfund.com/wind.css]
[ifrfund.com/faqstyle.css]
[ifrfund.com/images/favicon.png]
[ifrfund.com/animate.css]
[ifrfund.com/calcpopupstyle.html]
[ifrfund.com/hover.css]
[ifrfund.com/plan-slide.html]
[ifrfund.com/lity.css]
[ifrfund.com/style-admin.css]
[ifrfund.com/responsive-admin.css]
[ifrfund.com/owl.carousel.min.css]
[ifrfund.com/owl.theme.default.min.css]
[ifrfund.com/rain.html]
[ifrfund.com/popup.css]
[ifrfund.com/jquery.simplyscroll.css]
[ifrfund.com/cdnjs.cloudflare.com/ajax/libs/font-awesome/4.7.0/css/font-awesome.min.css]
[ifrfund.com/use.fontawesome.com/releases/v5.7.2/css/all.css]
[ifrfund.com/maxcdn.bootstrapcdn.com/bootstrap/3.3.7/css/bootstrap.min.css]
[ifrfund.com/ajax.googleapis.com/ajax/libs/jquery/3.3.1/jquery.min.js]
[ifrfund.com/maxcdn.bootstrapcdn.com/bootstrap/3.3.7/js/bootstrap.min.js]
[ifrfund.com/css/bootstrap.min.html]
[ifrfund.com/ie10-viewport-bug-workaround.html]
[ifrfund.com/images/js/ie-emulation-modes-warning.js]
[ifrfund.com/ajax.googleapis.com/ajax/libs/jquery/3.2.1/jquery.min.js]
[ifrfund.com/code.jquery.com/jquery-latest.min.js]
[ifrfund.com/images/js/calcs.js]
[ifrfund.com/cdnjs.cloudflare.com/ajax/libs/wow/0.1.12/wow.min.js]
[ifrfund.com/images/js/wow.js]
[ifrfund.com/images/js/jquery.min.js]
[ifrfund.com/images/js/owl.carousel.js]
[ifrfund.com/images/js/star.js]
[ifrfund.com/images/logo.png]
[ifrfund.com/about.html]
[ifrfund.com/index.html]
[ifrfund.com/faqs.html]
[ifrfund.com/contact.html]
[ifrfund.com/login.html]
[ifrfund.com/register.html]
[ifrfund.com/images/robo.png]
[ifrfund.com/images/video.png]
[ifrfund.com/images/learn.png]
[ifrfund.com/images/sec1.png]
[ifrfund.com/images/sec2.png]
[ifrfund.com/images/sec3.png]
[ifrfund.com/images/cert-logo.png]
[ifrfund.com/images/about.png]
[ifrfund.com/images/refs1.png]
[ifrfund.com/images/stat1.png]
[ifrfund.com/images/stat3.png]
[ifrfund.com/images/stat2.png]
[ifrfund.com/images/stat4.png]
[ifrfund.com/images/pay2.png]
[ifrfund.com/images/pay3.png]
[ifrfund.com/images/pay4.png]
[ifrfund.com/images/pay6.png]
[ifrfund.com/images/pay7.png]
[ifrfund.com/images/pay8.png]
[ifrfund.com/images/pay9.png]
[ifrfund.com/images/pay10.png]
[ifrfund.com/images/js/lity.js]
[ifrfund.com/index42af.html]
[ifrfund.com/maxcdn.bootstrapcdn.com/bootstrap/3.3.6/css/bootstrap.min.css]
[ifrfund.com/cdnjs.cloudflare.com/ajax/libs/font-awesome/4.6.3/css/font-awesome.min.css]
[ifrfund.com/fonts/892951b494976f7fd57f5d460c690966.eot]
[ifrfund.com/fonts/892951b494976f7fd57f5d460c690966.woff2]
[ifrfund.com/fonts/892951b494976f7fd57f5d460c690966-1.eot]
[ifrfund.com/fonts/892951b494976f7fd57f5d460c690966.woff]
[ifrfund.com/fonts/892951b494976f7fd57f5d460c690966.ttf]
[ifrfund.com/fonts/892951b494976f7fd57f5d460c690966.svg]
[ifrfund.com/images/banner-bg1.jpg]
[ifrfund.com/images/bg-number.png]
[ifrfund.com/images/about-bg.jpg]
[ifrfund.com/images/play.html]
[ifrfund.com/images/plan-bg.jpg]
[ifrfund.com/images/plan1.png]
[ifrfund.com/images/plan-ani.png]
[ifrfund.com/images/ref-bg.jpg]
[ifrfund.com/images/stat-head.png]
[ifrfund.com/images/last-bg.jpg]
[ifrfund.com/images/foot-bg.jpg]
[ifrfund.com/images/about-bg2.jpg]
[ifrfund.com/images/disabled.html]
[ifrfund.com/images/enabled.html]
[ifrfund.com/images/tablet.html]
[ifrfund.com/images/polygon-wrapper.html]
[ifrfund.com/images/polygon-1-hover.html]
[ifrfund.com/images/polygon-1.html]
[ifrfund.com/images/arrow-bg.html]
[ifrfund.com/images/polygon-2-hover.html]
[ifrfund.com/images/polygon-2.html]
[ifrfund.com/images/polygon-3-hover.html]
[ifrfund.com/images/polygon-3.html]
[ifrfund.com/images/polygon-4-hover.html]
[ifrfund.com/images/polygon-4.html]
[ifrfund.com/images/polygon-5-hover.html]
[ifrfund.com/images/polygon-5.html]
[ifrfund.com/images/polygon-6-hover.html]
[ifrfund.com/images/polygon-6.html]
[ifrfund.com/images/title-after.html]
[ifrfund.com/images/heading-line.png]
[ifrfund.com/images/chart.html]
[ifrfund.com/images/fundsFromBg.html]
[ifrfund.com/images/planBg.html]
[ifrfund.com/images/banner-3.html]
[ifrfund.com/images/dash.html]
[ifrfund.com/images/banner_10.html]
[ifrfund.com/images/plan_bg.html]
[ifrfund.com/style.css]
[ifrfund.com/wind.css]
[ifrfund.com/faqstyle.css]
[ifrfund.com/animate.css]
[ifrfund.com/calcpopupstyle.html]
[ifrfund.com/hover.css]
[ifrfund.com/plan-slide.html]
[ifrfund.com/lity.css]
[ifrfund.com/images/pay-bg.html]
[ifrfund.com/images/refer-bg.jpg]
[ifrfund.com/images/dshbxbk0.html]
[ifrfund.com/images/dshbxsdw.html]
[ifrfund.com/images/grey_buildings.html]
[ifrfund.com/images/inner-bg.html]
[ifrfund.com/images/white_curve_bg.html]
[ifrfund.com/images/plan_title_design.html]
[ifrfund.com/images/plan_icon_bg_2.html]
[ifrfund.com/images/plan_icon_bg_1.html]
[ifrfund.com/images/plan_icon_bg_3.html]
[ifrfund.com/style-admin.css]
[ifrfund.com/responsive-admin.css]
[ifrfund.com/owl.video.play.html]
[ifrfund.com/owl.carousel.min.css]
[ifrfund.com/owl.theme.default.min.css]
[ifrfund.com/rain.html]
[ifrfund.com/popup.css]
[ifrfund.com/jquery.simplyscroll.html]
[ifrfund.com/cdnjs.cloudflare.com/ajax/libs/font-awesome/4.7.0/css/font-awesome.min.css]
[ifrfund.com/use.fontawesome.com/releases/v5.7.2/css/all.css]
[ifrfund.com/maxcdn.bootstrapcdn.com/bootstrap/3.3.7/css/bootstrap.min.css]
[ifrfund.com/css/bootstrap.min.html]
[ifrfund.com/ie10-viewport-bug-workaround.html]
[ifrfund.com/index.html]
[ifrfund.com/indexbc14bc14.html]
[ifrfund.com/about.html]
[ifrfund.com/password/reset.html]
[ifrfund.com/cdnjs.cloudflare.com/ajax/libs/jquery/2.1.3/jquery.min.js]
[ifrfund.com/images/js/faqscript.js]
[ifrfund.com/faqs.html]
[ifrfund.com/images/support2.jpg]
[ifrfund.com/cdn-cgi/scripts/5c5dd728/cloudflare-static/email-decode.min.js]
[ifrfund.com/contact.html]
[ifrfund.com/indexa972a972.html]
[ifrfund.com/login.html]
[ifrfund.com/register.html]
[ifrfund.com/fonts/892951b494976f7fd57f5d460c690966.svg]
[ifrfund.com/images/play.html]
[ifrfund.com/images/disabled.html]
[ifrfund.com/images/enabled.html]
[ifrfund.com/images/tablet.html]
[ifrfund.com/images/polygon-wrapper.html]
[ifrfund.com/images/polygon-1-hover.html]
[ifrfund.com/images/polygon-1.html]
[ifrfund.com/images/arrow-bg.html]
[ifrfund.com/images/polygon-2-hover.html]
[ifrfund.com/images/polygon-2.html]
[ifrfund.com/images/polygon-3-hover.html]
[ifrfund.com/images/polygon-3.html]
[ifrfund.com/images/polygon-4-hover.html]
[ifrfund.com/images/polygon-4.html]
[ifrfund.com/images/polygon-5-hover.html]
[ifrfund.com/images/polygon-5.html]
[ifrfund.com/images/polygon-6-hover.html]
[ifrfund.com/images/polygon-6.html]
[ifrfund.com/images/title-after.html]
[ifrfund.com/images/chart.html]
[ifrfund.com/images/fundsFromBg.html]
[ifrfund.com/images/planBg.html]
[ifrfund.com/images/banner-3.html]
[ifrfund.com/images/dash.html]
[ifrfund.com/images/banner_10.html]
[ifrfund.com/images/plan_bg.html]
[ifrfund.com/images/pay-bg.html]
[ifrfund.com/images/dshbxbk0.html]
[ifrfund.com/images/dshbxsdw.html]
[ifrfund.com/images/grey_buildings.html]
[ifrfund.com/images/inner-bg.html]
[ifrfund.com/images/white_curve_bg.html]
[ifrfund.com/images/plan_title_design.html]
[ifrfund.com/images/plan_icon_bg_2.html]
[ifrfund.com/images/plan_icon_bg_1.html]
[ifrfund.com/images/plan_icon_bg_3.html]
[ifrfund.com/owl.video.play.html]
[ifrfund.com/indexbc14bc14.html]
[ifrfund.com/assets/images/logo/icon.png]
[ifrfund.com/assets/front/css/bootstrap.min.css]
[ifrfund.com/assets/front/css/font-awesome.min.css]
[ifrfund.com/assets/front/css/lightcase.css]
[ifrfund.com/assets/front/css/animate.min.css]
[ifrfund.com/assets/front/css/slick.css]
[ifrfund.com/assets/front/css/slicknav.min.css]
[ifrfund.com/assets/front/css/swiper.min.css]
[ifrfund.com/assets/front/css/style.css]
[ifrfund.com/assets/css/color78b2.css]
[ifrfund.com/assets/front/css/responsive.css]
[ifrfund.com/assets/js/jquery.min.js]
[ifrfund.com/assets/front/2/css/style.css]
[ifrfund.com/assets/front/2/js/modernizr.js]
[ifrfund.com/assets/images/logo/logo.png]
[ifrfund.com/menu/1/menu1.html]
[ifrfund.com/assets/images/1506121478.8d.delayed]
[ifrfund.com/assets/images/1508826560h4.png]
[ifrfund.com/assets/images/1508740692h7.png]
[ifrfund.com/assets/images/1687320272h7.png]
[ifrfund.com/assets/images/1687320363h7.jpg]
[ifrfund.com/assets/images/1687320492h7.png]
[ifrfund.com/assets/images/1687320619h7.jpg]
[ifrfund.com/assets/images/1687320710h7.jpg]
[ifrfund.com/assets/images/1687321040h7.png]
[ifrfund.com/assets/images/1687321115h7.jpg]
[ifrfund.com/assets/images/1696431277h7.jpg]
[ifrfund.com/assets/front/js/bootstrap.min.js]
[ifrfund.com/assets/front/js/jquery.js]
[ifrfund.com/assets/front/js/gmaps.js]
[ifrfund.com/assets/front/js/map-script78b2.php]
[ifrfund.com/assets/front/js/highlight.min.js]
[ifrfund.com/assets/front/js/jquery-ui-slider.min.js]
[ifrfund.com/assets/front/js/jquery.circliful.js]
[ifrfund.com/assets/front/js/jquery.counterup.min.js]
[ifrfund.com/assets/front/js/jquery.ripples-min.js]
[ifrfund.com/assets/front/js/jquery.slicknav.min.js]
[ifrfund.com/assets/front/js/lightcase.js]
[ifrfund.com/assets/front/js/particles.min.js]
[ifrfund.com/assets/front/js/particles-custom.js]
[ifrfund.com/assets/front/js/raindrops.js]
[ifrfund.com/assets/front/js/easing-min.js]
[ifrfund.com/assets/front/js/slick.min.js]
[ifrfund.com/assets/front/js/swiper.min.js]
[ifrfund.com/assets/front/js/wow.min.js]
[ifrfund.com/assets/front/js/waypoints.min.js]
[ifrfund.com/assets/front/js/main.js]
[ifrfund.com/assets/front/2/js/main.js]
[ifrfund.com/password/reset.html]
[ifrfund.com/indexa972a972.html]
[ifrfund.com/assets/front/fonts/glyphicons-halflings-regular.eot]
[ifrfund.com/assets/front/fonts/glyphicons-halflings-regulard41d.eot]
[ifrfund.com/assets/front/fonts/glyphicons-halflings-regular.woff2]
[ifrfund.com/assets/front/fonts/glyphicons-halflings-regular.woff]
[ifrfund.com/assets/front/fonts/glyphicons-halflings-regular.ttf]
[ifrfund.com/assets/front/fonts/glyphicons-halflings-regular.svg]
[ifrfund.com/assets/front/css/bootstrap.min.css]
[ifrfund.com/assets/front/fonts/fontawesome-webfont5b62.eot]
[ifrfund.com/assets/front/fonts/fontawesome-webfont5b62.woff2]
[ifrfund.com/assets/front/fonts/fontawesome-webfontd41d.eot]
[ifrfund.com/assets/front/fonts/fontawesome-webfont5b62.woff]
[ifrfund.com/assets/front/fonts/fontawesome-webfont5b62.ttf]
[ifrfund.com/assets/front/css/font-awesome.min.css]
[ifrfund.com/assets/front/fonts/fontawesome-webfont5b62.svg]
[ifrfund.com/assets/front/fonts/lightcaseeead.eot]
[ifrfund.com/assets/front/fonts/lightcaseeead.woff]
[ifrfund.com/assets/front/fonts/lightcaseeead.ttf]
[ifrfund.com/assets/front/fonts/lightcaseeead.svg]
[ifrfund.com/assets/front/css/lightcase.css]
[ifrfund.com/assets/front/css/animate.min.css]
[ifrfund.com/assets/front/css/slick.css]
[ifrfund.com/assets/front/css/slicknav.min.css]
[ifrfund.com/assets/front/css/swiper.min.css]
[ifrfund.com/assets/front/img/price-bg.jpg]
[ifrfund.com/assets/front/img/counter-bg.jpg]
[ifrfund.com/assets/front/img/testimonial-bg.jpg]
[ifrfund.com/assets/front/img/pricing-bg.jpg]
[ifrfund.com/assets/front/img/slider-scale.png]
[ifrfund.com/assets/front/img/parallax-bg1.jpg]
[ifrfund.com/assets/front/img/check.png]
[ifrfund.com/assets/front/css/style.css]
[ifrfund.com/assets/css/color78b2.css]
[ifrfund.com/assets/front/css/responsive.css]
[ifrfund.com/assets/front/2/css/style.css]
[ifrfund.com/assets/images/logo/bb.png]
[ifrfund.com/menu/1/menu1.html]
[ifrfund.com/assets/images/1506121478.html]
[ifrfund.com/assets/front/fonts/glyphicons-halflings-regular.svg]
[ifrfund.com/assets/front/fonts/fontawesome-webfont5b62.svg]
[ifrfund.com/assets/front/fonts/lightcaseeead.svg]
[ifrfund.com/assets/front/img/price-bg.html]
[ifrfund.com/assets/front/img/counter-bg.html]
[ifrfund.com/assets/front/img/testimonial-bg.html]
[ifrfund.com/assets/front/img/pricing-bg.html]
[ifrfund.com/assets/front/img/parallax-bg1.html]
[ifrfund.com/assets/front/img/check.html]
